// Jest Snapshot v1, https://goo.gl/fbAQLP

exports[`Input DateTime should able to set datetime 1`] = `[Function]`
